2025/04/28 19:06:10.393922 engine.go:669: [Debug] HERTZ: Method=POST   absolutePath=/seckill                  --> handlerName=decleration/controller.SeckillHandler (num=4 handlers)
2025/04/28 19:06:10.393922 engine.go:669: [Debug] HERTZ: Method=POST   absolutePath=/seckill/product/create   --> handlerName=decleration/controller.CreateProductHandler (num=4 handlers)
2025/04/28 19:06:10.393922 engine.go:669: [Debug] HERTZ: Method=POST   absolutePath=/seckill/order/create     --> handlerName=decleration/controller.CreateOrderHandler (num=4 handlers)
2025/04/28 19:06:10.393922 engine.go:397: [Info] HERTZ: Using network library=standard
2025/04/28 19:06:10.394927 transport.go:65: [Info] HERTZ: HTTP server listening on address=[::]:8888
2025/04/28 19:10:00.191458 hertz.go:109: [Info] HERTZ: Received signal: interrupt
2025/04/28 19:10:00.191458 hertz.go:76: [Info] HERTZ: Begin graceful shutdown, wait at most num=5 seconds...
2025/04/28 19:10:00.191458 transport.go:71: [Error] HERTZ: Error=accept tcp [::]:8888: use of closed network connection
2025/04/28 19:10:05.192148 engine.go:311: [Info] HERTZ: Execute OnShutdownHooks timeout: error=context deadline exceeded
2025/04/28 19:10:11.789649 engine.go:669: [Debug] HERTZ: Method=POST   absolutePath=/seckill                  --> handlerName=decleration/controller.SeckillHandler (num=4 handlers)
2025/04/28 19:10:11.789649 engine.go:669: [Debug] HERTZ: Method=POST   absolutePath=/seckill/product/create   --> handlerName=decleration/controller.CreateProductHandler (num=4 handlers)
2025/04/28 19:10:11.789649 engine.go:669: [Debug] HERTZ: Method=POST   absolutePath=/seckill/order/create     --> handlerName=decleration/controller.CreateOrderHandler (num=4 handlers)
2025/04/28 19:10:11.789649 engine.go:397: [Info] HERTZ: Using network library=standard
2025/04/28 19:10:11.790171 transport.go:65: [Info] HERTZ: HTTP server listening on address=[::]:8888
2025/04/28 19:10:40.781480 logger.go:13: [Info] Reveived request :POST /seckill
2025/04/28 19:10:41.822281 logger.go:17: [Info] Reveived status code :200
2025/04/28 19:12:39.080499 hertz.go:109: [Info] HERTZ: Received signal: interrupt
2025/04/28 19:12:39.080499 hertz.go:76: [Info] HERTZ: Begin graceful shutdown, wait at most num=5 seconds...
2025/04/28 19:12:39.080499 transport.go:71: [Error] HERTZ: Error=accept tcp [::]:8888: use of closed network connection
2025/04/28 19:12:44.081145 engine.go:311: [Info] HERTZ: Execute OnShutdownHooks timeout: error=context deadline exceeded
2025/04/28 19:12:50.813443 engine.go:669: [Debug] HERTZ: Method=POST   absolutePath=/seckill                  --> handlerName=decleration/controller.SeckillHandler (num=4 handlers)
2025/04/28 19:12:50.813985 engine.go:669: [Debug] HERTZ: Method=POST   absolutePath=/seckill/product/create   --> handlerName=decleration/controller.CreateProductHandler (num=4 handlers)
2025/04/28 19:12:50.813985 engine.go:669: [Debug] HERTZ: Method=POST   absolutePath=/seckill/order/create     --> handlerName=decleration/controller.CreateOrderHandler (num=4 handlers)
2025/04/28 19:12:50.813985 engine.go:397: [Info] HERTZ: Using network library=standard
2025/04/28 19:12:50.813985 transport.go:65: [Info] HERTZ: HTTP server listening on address=[::]:8888
2025/04/28 19:13:02.400569 logger.go:13: [Info] Reveived request :POST /seckill
2025/04/28 19:13:03.471297 logger.go:17: [Info] Reveived status code :200
2025/04/28 19:13:07.628678 hertz.go:109: [Info] HERTZ: Received signal: interrupt
2025/04/28 19:13:07.628678 hertz.go:76: [Info] HERTZ: Begin graceful shutdown, wait at most num=5 seconds...
2025/04/28 19:13:07.628678 transport.go:71: [Error] HERTZ: Error=accept tcp [::]:8888: use of closed network connection
2025/04/28 19:13:12.628751 engine.go:314: [Info] HERTZ: Execute OnShutdownHooks finish
2025/04/28 20:49:36.397485 engine.go:669: [Debug] HERTZ: Method=POST   absolutePath=/seckill                  --> handlerName=decleration/controller.SeckillHandler (num=4 handlers)
2025/04/28 20:49:36.412193 engine.go:669: [Debug] HERTZ: Method=POST   absolutePath=/seckill/product/create   --> handlerName=decleration/controller.CreateProductHandler (num=4 handlers)
2025/04/28 20:49:36.412193 engine.go:669: [Debug] HERTZ: Method=POST   absolutePath=/seckill/order/create     --> handlerName=decleration/controller.CreateOrderHandler (num=4 handlers)
2025/04/28 20:49:36.412739 engine.go:397: [Info] HERTZ: Using network library=standard
2025/04/28 20:49:36.412739 transport.go:65: [Info] HERTZ: HTTP server listening on address=[::]:8888
2025/04/28 20:49:43.175024 logger.go:13: [Info] Received request: POST /seckill
2025/04/28 20:49:43.181892 log.go:32: [Info] seckill successfully,seckill product is:&{3 五一特惠秒杀耳机 今日中午开始，五一结束，限时限量抢购！ 数码配件 299 50 19 1 1 2025-04-19 12:00:00 +0800 CST 2025-05-01 23:59:59 +0800 CST 2025-04-19 16:40:30.558 +0800 CST 2025-04-28 19:13:11.988 +0800 CST}
2025/04/28 20:49:43.181892 log.go:33: [Info] user1 order is:[{04af05c0-4322-4e19-9ac3-5a4354542a48 1 [{5 04af05c0-4322-4e19-9ac3-5a4354542a48 3 1}] 默认地址 299} {06d8c3b2-318f-49e7-a7f5-c9338bc424cb 1 [{3 06d8c3b2-318f-49e7-a7f5-c9338bc424cb 3 1}] 默认地址 299} {133247ae-f5d7-488e-835d-f31d5b5770ce 1 [{4 133247ae-f5d7-488e-835d-f31d5b5770ce 3 1}] 默认地址 299} {34a83c75-e483-4469-b9f7-d6b8e7674151 1 [{2 34a83c75-e483-4469-b9f7-d6b8e7674151 3 1}] 默认地址 299} {41abf40c-1048-489a-8a04-de0829350f16 1 [{10 41abf40c-1048-489a-8a04-de0829350f16 3 1}] 默认地址 299} {46250710-8302-44ef-a9a9-8784ecbc51e5 1 [{15 46250710-8302-44ef-a9a9-8784ecbc51e5 3 1}] 默认地址 299} {5bf4e48b-8c9a-480f-8cad-1f5b3404b46a 1 [{14 5bf4e48b-8c9a-480f-8cad-1f5b3404b46a 3 1}] 默认地址 299} {63040ba1-fc4c-44c3-a0bc-0f36ee440226 1 [{12 63040ba1-fc4c-44c3-a0bc-0f36ee440226 3 1}] 默认地址 299} {702eec11-75a8-4b8e-9ec8-66d03a5c74aa 1 [{1 702eec11-75a8-4b8e-9ec8-66d03a5c74aa 3 1}] 默认地址 299} {71b979cc-f917-4e2a-ab20-d8f6e2650723 1 [{8 71b979cc-f917-4e2a-ab20-d8f6e2650723 3 1}] 默认地址 299} {8b0f14cf-b99a-439c-b3ca-a10839c4a273 1 [{13 8b0f14cf-b99a-439c-b3ca-a10839c4a273 3 1}] 默认地址 299} {8d9e1df6-8391-4c89-b890-a60bb864fdc9 1 [{9 8d9e1df6-8391-4c89-b890-a60bb864fdc9 3 1}] 默认地址 299} {b0a1aaf6-2742-496d-84f6-8f3279d45ff8 1 [{6 b0a1aaf6-2742-496d-84f6-8f3279d45ff8 3 1}] 默认地址 299} {b7d10697-0e1c-45a1-b98a-81e4495c8de4 1 [{7 b7d10697-0e1c-45a1-b98a-81e4495c8de4 3 0}] 默认地址 0} {f72de180-4c01-462d-9ec2-1ec743d34b01 1 [{11 f72de180-4c01-462d-9ec2-1ec743d34b01 3 1}] 默认地址 299}]
2025/04/28 20:49:43.181892 log.go:34: [Info] product StockSurplus decrease:1,leave:19
2025/04/28 20:49:44.234161 logger.go:22: [Info] Received status code: 200
2025/04/28 20:49:44.234161 logger.go:26: [Info] System processing time: 1.0591372s
2025/04/28 20:49:44.234161 logger.go:32: [Info] Request processed successfully
2025/04/28 20:51:38.938811 hertz.go:109: [Info] HERTZ: Received signal: interrupt
2025/04/28 20:51:38.939435 hertz.go:76: [Info] HERTZ: Begin graceful shutdown, wait at most num=5 seconds...
2025/04/28 20:51:38.939435 transport.go:71: [Error] HERTZ: Error=accept tcp [::]:8888: use of closed network connection
2025/04/28 20:51:43.940240 engine.go:311: [Info] HERTZ: Execute OnShutdownHooks timeout: error=context deadline exceeded
2025/04/28 20:51:50.471738 engine.go:669: [Debug] HERTZ: Method=POST   absolutePath=/seckill                  --> handlerName=decleration/controller.SeckillHandler (num=4 handlers)
2025/04/28 20:51:50.485173 engine.go:669: [Debug] HERTZ: Method=POST   absolutePath=/seckill/product/create   --> handlerName=decleration/controller.CreateProductHandler (num=4 handlers)
2025/04/28 20:51:50.485173 engine.go:669: [Debug] HERTZ: Method=POST   absolutePath=/seckill/order/create     --> handlerName=decleration/controller.CreateOrderHandler (num=4 handlers)
2025/04/28 20:51:50.485173 engine.go:397: [Info] HERTZ: Using network library=standard
2025/04/28 20:51:50.485707 transport.go:65: [Info] HERTZ: HTTP server listening on address=[::]:8888
2025/04/28 20:54:53.779018 hertz.go:109: [Info] HERTZ: Received signal: interrupt
2025/04/28 20:54:53.779018 hertz.go:76: [Info] HERTZ: Begin graceful shutdown, wait at most num=5 seconds...
2025/04/28 20:54:53.779018 transport.go:71: [Error] HERTZ: Error=accept tcp [::]:8888: use of closed network connection
